<svg xmlns="http://www.w3.org/2000/svg" width="760.7700107252356" height="320" viewBox="0 0 38.03850053626178 16">
<rect x="0" y="0" width="38.0385" height="16" fill="#ffffff" />
<g>
<line x1="0" y1="8" x2="23.3613" y2="8" stroke="#000000" stroke-width="0.13" />
<line x1="0" y1="7" x2="23.3613" y2="7" stroke="#000000" stroke-width="0.13" />
<line x1="0" y1="6" x2="23.3613" y2="6" stroke="#000000" stroke-width="0.13" />
<line x1="0" y1="5" x2="23.3613" y2="5" stroke="#000000" stroke-width="0.13" />
<line x1="0" y1="4" x2="23.3613" y2="4" stroke="#000000" stroke-width="0.13" />
</g>
<text x="0.5" y="7" font-family="Bravura" font-size="4" fill="#000000"></text>
<text x="3.5" y="5" font-family="Bravura" font-size="4" fill="#000000"></text>
<text x="3.5" y="7" font-family="Bravura" font-size="4" fill="#000000"></text>
<g data-id="P1#m1#v1#e0">
<text x="6" y="8" font-family="Bravura" font-size="4" fill="#000000"></text>
<line x1="7.18" y1="7.832" x2="7.18" y2="4.332" stroke="#000000" stroke-width="0.12" />
</g>
<g data-id="P1#m1#v1#e1">
<text x="9.7926" y="7.5" font-family="Bravura" font-size="4" fill="#000000"></text>
<line x1="10.9726" y1="7.332" x2="10.9726" y2="3.832" stroke="#000000" stroke-width="0.12" />
</g>
<g data-id="P1#m1#v1#e2">
<text x="13.5852" y="7" font-family="Bravura" font-size="4" fill="#000000"></text>
<line x1="14.7652" y1="6.832" x2="14.7652" y2="3.332" stroke="#000000" stroke-width="0.12" />
</g>
<g data-id="P1#m1#v1#e3">
<text x="17.3777" y="5.5" font-family="Bravura" font-size="4" fill="#000000"></text>
<line x1="17.3777" y1="5.668" x2="17.3777" y2="9" stroke="#000000" stroke-width="0.12" />
</g>
<g data-id="P1#m1#v1#e4">
<text x="19.3723" y="5" font-family="Bravura" font-size="4" fill="#000000"></text>
<line x1="19.3723" y1="5.168" x2="19.3723" y2="8.5" stroke="#000000" stroke-width="0.12" />
</g>
<g data-id="P1#m1#v1#e5">
<text x="21.3668" y="4.5" font-family="Bravura" font-size="4" fill="#000000"></text>
<line x1="21.3668" y1="4.668" x2="21.3668" y2="8" stroke="#000000" stroke-width="0.12" />
</g>
<g>
<line x1="17.3777" y1="9" x2="21.3668" y2="8" stroke="#000000" stroke-width="0.5" />
</g>
<path d="M 7.18 9.2 Q 10.3826 11.2465 13.5852 9.2 Q 10.3826 11.6865 7.18 9.2 Z" fill="#000000" stroke="none" />
<text x="19.3723" y="7.3" font-family="Bravura" font-size="4" fill="#000000"></text>
<g>
<line x1="23.3613" y1="8" x2="23.3613" y2="4" stroke="#000000" stroke-width="0.16" />
</g>
<text x="0" y="3" fill="#000000" font-family="Manrope, sans-serif" font-size="1.6">1</text>
<g>
<line x1="23.3613" y1="8" x2="36.0385" y2="8" stroke="#000000" stroke-width="0.13" />
<line x1="23.3613" y1="7" x2="36.0385" y2="7" stroke="#000000" stroke-width="0.13" />
<line x1="23.3613" y1="6" x2="36.0385" y2="6" stroke="#000000" stroke-width="0.13" />
<line x1="23.3613" y1="5" x2="36.0385" y2="5" stroke="#000000" stroke-width="0.13" />
<line x1="23.3613" y1="4" x2="36.0385" y2="4" stroke="#000000" stroke-width="0.13" />
</g>
<g data-id="P1#m2#v1#e0">
<text x="23.8613" y="5.5" font-family="Bravura" font-size="4" fill="#000000"></text>
<line x1="23.8613" y1="5.668" x2="23.8613" y2="9.168" stroke="#000000" stroke-width="0.12" />
<text x="23.8613" y="9.168" font-family="Bravura" font-size="4" fill="#000000"></text>
</g>
<g data-id="P1#m2#v1#e1">
<text x="25.7019" y="6" font-family="Bravura" font-size="4" fill="#000000"></text>
</g>
<g data-id="P1#m2#v1#e2">
<text x="27.5426" y="4.5" font-family="Bravura" font-size="4" fill="#000000"></text>
<line x1="27.5426" y1="4.668" x2="27.5426" y2="8.168" stroke="#000000" stroke-width="0.12" />
<text x="27.5426" y="8.168" font-family="Bravura" font-size="4" fill="#000000"></text>
</g>
<g data-id="P1#m2#v1#e3">
<text x="29.3832" y="6" font-family="Bravura" font-size="4" fill="#000000"></text>
</g>
<line x1="23.8613" y1="7.3" x2="27.5426" y2="7.3" stroke="#000000" stroke-width="0.16" />
<line x1="23.8613" y1="7.3" x2="23.8613" y2="6.8" stroke="#000000" stroke-width="0.16" />
<line x1="27.5426" y1="7.3" x2="27.5426" y2="6.8" stroke="#000000" stroke-width="0.16" />
<text x="25.7019" y="7.3" font-family="Bravura" font-size="4" fill="#000000"></text>
<g>
<line x1="36.0385" y1="8" x2="36.0385" y2="4" stroke="#000000" stroke-width="0.16" />
</g>
</svg>