<svg xmlns="http://www.w3.org/2000/svg" width="757.1700107252356" height="320" viewBox="0 0 37.85850053626178 16">
<rect x="0" y="0" width="37.8585" height="16" fill="#ffffff" />
<g>
<line x1="0" y1="8" x2="23.1813" y2="8" stroke="#000000" stroke-width="0.13" />
<line x1="0" y1="7" x2="23.1813" y2="7" stroke="#000000" stroke-width="0.13" />
<line x1="0" y1="6" x2="23.1813" y2="6" stroke="#000000" stroke-width="0.13" />
<line x1="0" y1="5" x2="23.1813" y2="5" stroke="#000000" stroke-width="0.13" />
<line x1="0" y1="4" x2="23.1813" y2="4" stroke="#000000" stroke-width="0.13" />
</g>
<text x="0.5" y="7" font-family="Bravura" font-size="4" fill="#000000"></text>
<text x="3.5" y="5" font-family="Bravura" font-size="4" fill="#000000"></text>
<text x="3.5" y="7" font-family="Bravura" font-size="4" fill="#000000"></text>
<g data-id="P1#m1#v1#e0">
<text x="6" y="8" font-family="Bravura" font-size="4" fill="#000000"></text>
<line x1="7.18" y1="7.832" x2="7.18" y2="4.332" stroke="#000000" stroke-width="0.12" />
</g>
<g data-id="P1#m1#v1#e1">
<text x="9.7533" y="7.5" font-family="Bravura" font-size="4" fill="#000000"></text>
<line x1="10.9333" y1="7.332" x2="10.9333" y2="3.832" stroke="#000000" stroke-width="0.12" />
</g>
<g data-id="P1#m1#v1#e2">
<text x="13.5065" y="7" font-family="Bravura" font-size="4" fill="#000000"></text>
<line x1="14.6865" y1="6.832" x2="14.6865" y2="3.332" stroke="#000000" stroke-width="0.12" />
</g>
<g data-id="P1#m1#v1#e3">
<text x="17.2598" y="5.5" font-family="Bravura" font-size="4" fill="#000000"></text>
<line x1="17.2598" y1="5.668" x2="17.2598" y2="9" stroke="#000000" stroke-width="0.12" />
</g>
<g data-id="P1#m1#v1#e4">
<text x="19.2336" y="5" font-family="Bravura" font-size="4" fill="#000000"></text>
<line x1="19.2336" y1="5.168" x2="19.2336" y2="8.5" stroke="#000000" stroke-width="0.12" />
</g>
<g data-id="P1#m1#v1#e5">
<text x="21.2075" y="4.5" font-family="Bravura" font-size="4" fill="#000000"></text>
<line x1="21.2075" y1="4.668" x2="21.2075" y2="8" stroke="#000000" stroke-width="0.12" />
</g>
<g>
<line x1="17.2598" y1="9" x2="21.2075" y2="8" stroke="#000000" stroke-width="0.5" />
</g>
<path d="M 7.18 9.2 Q 10.3432 9.59 13.5065 9.2 Q 10.3432 9.81 7.18 9.2 Z" fill="#000000" stroke="none" />
<text x="19.2336" y="7.3" font-family="Bravura" font-size="4" fill="#000000"></text>
<g>
<line x1="23.1813" y1="8" x2="23.1813" y2="4" stroke="#000000" stroke-width="0.16" />
</g>
<text x="0" y="3" fill="#000000" font-family="Manrope, sans-serif" font-size="1.6">1</text>
<g>
<line x1="23.1813" y1="8" x2="35.8585" y2="8" stroke="#000000" stroke-width="0.13" />
<line x1="23.1813" y1="7" x2="35.8585" y2="7" stroke="#000000" stroke-width="0.13" />
<line x1="23.1813" y1="6" x2="35.8585" y2="6" stroke="#000000" stroke-width="0.13" />
<line x1="23.1813" y1="5" x2="35.8585" y2="5" stroke="#000000" stroke-width="0.13" />
<line x1="23.1813" y1="4" x2="35.8585" y2="4" stroke="#000000" stroke-width="0.13" />
</g>
<g data-id="P1#m2#v1#e0">
<text x="23.6813" y="5.5" font-family="Bravura" font-size="4" fill="#000000"></text>
<line x1="23.6813" y1="5.668" x2="23.6813" y2="9.168" stroke="#000000" stroke-width="0.12" />
<text x="23.6813" y="9.168" font-family="Bravura" font-size="4" fill="#000000"></text>
</g>
<g data-id="P1#m2#v1#e1">
<text x="25.5219" y="6" font-family="Bravura" font-size="4" fill="#000000"></text>
</g>
<g data-id="P1#m2#v1#e2">
<text x="27.3626" y="4.5" font-family="Bravura" font-size="4" fill="#000000"></text>
<line x1="27.3626" y1="4.668" x2="27.3626" y2="8.168" stroke="#000000" stroke-width="0.12" />
<text x="27.3626" y="8.168" font-family="Bravura" font-size="4" fill="#000000"></text>
</g>
<g data-id="P1#m2#v1#e3">
<text x="29.2032" y="6" font-family="Bravura" font-size="4" fill="#000000"></text>
</g>
<line x1="23.6813" y1="7.3" x2="27.3626" y2="7.3" stroke="#000000" stroke-width="0.16" />
<line x1="23.6813" y1="7.3" x2="23.6813" y2="6.8" stroke="#000000" stroke-width="0.16" />
<line x1="27.3626" y1="7.3" x2="27.3626" y2="6.8" stroke="#000000" stroke-width="0.16" />
<text x="25.5219" y="7.3" font-family="Bravura" font-size="4" fill="#000000"></text>
<g>
<line x1="35.8585" y1="8" x2="35.8585" y2="4" stroke="#000000" stroke-width="0.16" />
</g>
</svg>