<svg xmlns="http://www.w3.org/2000/svg" width="650" height="320" viewBox="0 0 32.5 16">
<rect x="0" y="0" width="32.5" height="16" fill="#ffffff" />
<g>
<line x1="0" y1="8" x2="18" y2="8" stroke="#000000" stroke-width="0.13" />
<line x1="0" y1="7" x2="18" y2="7" stroke="#000000" stroke-width="0.13" />
<line x1="0" y1="6" x2="18" y2="6" stroke="#000000" stroke-width="0.13" />
<line x1="0" y1="5" x2="18" y2="5" stroke="#000000" stroke-width="0.13" />
<line x1="0" y1="4" x2="18" y2="4" stroke="#000000" stroke-width="0.13" />
</g>
<text x="0.5" y="7" font-family="Bravura" font-size="4" fill="#000000"></text>
<text x="3.5" y="5" font-family="Bravura" font-size="4" fill="#000000"></text>
<text x="3.5" y="7" font-family="Bravura" font-size="4" fill="#000000"></text>
<g data-id="P1#m1#v1#e0">
<text x="6" y="9" font-family="Bravura" font-size="4" fill="#000000"></text>
<g>
<line x1="5.01" y1="9" x2="6.99" y2="9" stroke="#000000" stroke-width="0.16" />
</g>
<line x1="7.18" y1="8.832" x2="7.18" y2="5.332000000000001" stroke="#000000" stroke-width="0.12" />
</g>
<g data-id="P1#m1#v1#e1">
<text x="8.4" y="8.5" font-family="Bravura" font-size="4" fill="#000000"></text>
<line x1="9.58" y1="8.332" x2="9.58" y2="4.832000000000001" stroke="#000000" stroke-width="0.12" />
</g>
<g data-id="P1#m1#v1#e2">
<text x="10.8" y="8" font-family="Bravura" font-size="4" fill="#000000"></text>
<line x1="11.98" y1="7.832" x2="11.98" y2="4.332" stroke="#000000" stroke-width="0.12" />
</g>
<g data-id="P1#m1#v1#e3">
<text x="13.2" y="7.5" font-family="Bravura" font-size="4" fill="#000000"></text>
<line x1="14.379999999999999" y1="7.332" x2="14.379999999999999" y2="3.832" stroke="#000000" stroke-width="0.12" />
</g>
<g>
<line x1="18" y1="8" x2="18" y2="4" stroke="#000000" stroke-width="0.16" />
</g>
<text x="0" y="3" fill="#000000" font-family="Manrope, sans-serif" font-size="1.6">1</text>
<g>
<line x1="18" y1="8" x2="30.5" y2="8" stroke="#000000" stroke-width="0.13" />
<line x1="18" y1="7" x2="30.5" y2="7" stroke="#000000" stroke-width="0.13" />
<line x1="18" y1="6" x2="30.5" y2="6" stroke="#000000" stroke-width="0.13" />
<line x1="18" y1="5" x2="30.5" y2="5" stroke="#000000" stroke-width="0.13" />
<line x1="18" y1="4" x2="30.5" y2="4" stroke="#000000" stroke-width="0.13" />
</g>
<g data-id="P1#m2#v1#e0">
<text x="18.5" y="7" font-family="Bravura" font-size="4" fill="#000000"></text>
<line x1="19.68" y1="6.832" x2="19.68" y2="3.332" stroke="#000000" stroke-width="0.12" />
</g>
<g data-id="P1#m2#v1#e1">
<text x="20.9" y="6" font-family="Bravura" font-size="4" fill="#000000"></text>
</g>
<g>
<line x1="30.5" y1="8" x2="30.5" y2="4" stroke="#000000" stroke-width="0.16" />
<line x1="31.06" y1="8" x2="31.06" y2="4" stroke="#000000" stroke-width="0.5" />
</g>
</svg>