<svg xmlns="http://www.w3.org/2000/svg" width="1000" height="320" viewBox="0 0 50 16">
<rect x="0" y="0" width="50" height="16" fill="#ffffff" />
<g>
<line x1="0" y1="8" x2="24" y2="8" stroke="#000000" stroke-width="0.13" />
<line x1="0" y1="7" x2="24" y2="7" stroke="#000000" stroke-width="0.13" />
<line x1="0" y1="6" x2="24" y2="6" stroke="#000000" stroke-width="0.13" />
<line x1="0" y1="5" x2="24" y2="5" stroke="#000000" stroke-width="0.13" />
<line x1="0" y1="4" x2="24" y2="4" stroke="#000000" stroke-width="0.13" />
</g>
<text x="0.5" y="8" font-family="Bravura" font-size="4" fill="#000000"></text>
<text x="3.5" y="5" font-family="Bravura" font-size="4" fill="#000000"></text>
<text x="3.5" y="7" font-family="Bravura" font-size="4" fill="#000000"></text>
<text x="6" y="9" font-family="Bravura" font-size="4" fill="#000000"></text>
<g>
<line x1="5.01" y1="9" x2="6.99" y2="9" stroke="#000000" stroke-width="0.16" />
</g>
<line x1="7.18" y1="8.832" x2="7.18" y2="5.332000000000001" stroke="#000000" stroke-width="0.12" />
<text x="10.5" y="8.5" font-family="Bravura" font-size="4" fill="#000000"></text>
<line x1="11.68" y1="8.332" x2="11.68" y2="4.832000000000001" stroke="#000000" stroke-width="0.12" />
<text x="15" y="8" font-family="Bravura" font-size="4" fill="#000000"></text>
<line x1="16.18" y1="7.832" x2="16.18" y2="4.332" stroke="#000000" stroke-width="0.12" />
<text x="19.5" y="7.5" font-family="Bravura" font-size="4" fill="#000000"></text>
<line x1="20.68" y1="7.332" x2="20.68" y2="3.832" stroke="#000000" stroke-width="0.12" />
<g>
<line x1="24" y1="8" x2="24" y2="4" stroke="#000000" stroke-width="0.16" />
</g>
<g>
<line x1="24" y1="8" x2="48" y2="8" stroke="#000000" stroke-width="0.13" />
<line x1="24" y1="7" x2="48" y2="7" stroke="#000000" stroke-width="0.13" />
<line x1="24" y1="6" x2="48" y2="6" stroke="#000000" stroke-width="0.13" />
<line x1="24" y1="5" x2="48" y2="5" stroke="#000000" stroke-width="0.13" />
<line x1="24" y1="4" x2="48" y2="4" stroke="#000000" stroke-width="0.13" />
</g>
<text x="30" y="7" font-family="Bravura" font-size="4" fill="#000000"></text>
<line x1="31.18" y1="6.832" x2="31.18" y2="3.332" stroke="#000000" stroke-width="0.12" />
<text x="39" y="6" font-family="Bravura" font-size="4" fill="#000000"></text>
<g>
<line x1="48" y1="8" x2="48" y2="4" stroke="#000000" stroke-width="0.16" />
<line x1="48.56" y1="8" x2="48.56" y2="4" stroke="#000000" stroke-width="0.5" />
</g>
</svg>