<svg xmlns="http://www.w3.org/2000/svg" width="660" height="320" viewBox="0 0 33 16">
<rect x="0" y="0" width="33" height="16" fill="#ffffff" />
<g>
<line x1="0" y1="8" x2="20" y2="8" stroke="#000000" stroke-width="0.13" />
<line x1="0" y1="7" x2="20" y2="7" stroke="#000000" stroke-width="0.13" />
<line x1="0" y1="6" x2="20" y2="6" stroke="#000000" stroke-width="0.13" />
<line x1="0" y1="5" x2="20" y2="5" stroke="#000000" stroke-width="0.13" />
<line x1="0" y1="4" x2="20" y2="4" stroke="#000000" stroke-width="0.13" />
</g>
<text x="0.5" y="7" font-family="Bravura" font-size="4" fill="#000000"></text>
<text x="3.5" y="5" font-family="Bravura" font-size="4" fill="#000000"></text>
<text x="3.5" y="7" font-family="Bravura" font-size="4" fill="#000000"></text>
<g data-id="P1#m1#v1#e0">
<text x="6" y="9" font-family="Bravura" font-size="4" fill="#000000"></text>
<g>
<line x1="5.01" y1="9" x2="6.99" y2="9" stroke="#000000" stroke-width="0.16" />
</g>
<line x1="7.18" y1="8.832" x2="7.18" y2="5.332" stroke="#000000" stroke-width="0.12" />
</g>
<g data-id="P1#m1#v1#e1">
<text x="9.5" y="8.5" font-family="Bravura" font-size="4" fill="#000000"></text>
<line x1="10.68" y1="8.332" x2="10.68" y2="4.832" stroke="#000000" stroke-width="0.12" />
</g>
<g data-id="P1#m1#v1#e2">
<text x="13" y="8" font-family="Bravura" font-size="4" fill="#000000"></text>
<line x1="14.18" y1="7.832" x2="14.18" y2="4.332" stroke="#000000" stroke-width="0.12" />
</g>
<g data-id="P1#m1#v1#e3">
<text x="16.5" y="7.5" font-family="Bravura" font-size="4" fill="#000000"></text>
<line x1="17.68" y1="7.332" x2="17.68" y2="3.832" stroke="#000000" stroke-width="0.12" />
</g>
<g>
<line x1="20" y1="8" x2="20" y2="4" stroke="#000000" stroke-width="0.16" />
</g>
<text x="0" y="3" fill="#000000" font-family="Manrope, sans-serif" font-size="1.6">1</text>
<g>
<line x1="20" y1="8" x2="31" y2="8" stroke="#000000" stroke-width="0.13" />
<line x1="20" y1="7" x2="31" y2="7" stroke="#000000" stroke-width="0.13" />
<line x1="20" y1="6" x2="31" y2="6" stroke="#000000" stroke-width="0.13" />
<line x1="20" y1="5" x2="31" y2="5" stroke="#000000" stroke-width="0.13" />
<line x1="20" y1="4" x2="31" y2="4" stroke="#000000" stroke-width="0.13" />
</g>
<g data-id="P1#m2#v1#e0">
<text x="20.5" y="7" font-family="Bravura" font-size="4" fill="#000000"></text>
<line x1="21.68" y1="6.832" x2="21.68" y2="3.332" stroke="#000000" stroke-width="0.12" />
</g>
<g data-id="P1#m2#v1#e1">
<text x="25.75" y="6" font-family="Bravura" font-size="4" fill="#000000"></text>
</g>
<g>
<line x1="31" y1="8" x2="31" y2="4" stroke="#000000" stroke-width="0.16" />
<line x1="31.56" y1="8" x2="31.56" y2="4" stroke="#000000" stroke-width="0.5" />
</g>
</svg>