<svg xmlns="http://www.w3.org/2000/svg" width="824.1173000519233" height="320" viewBox="0 0 41.20586500259616 16">
<rect x="0" y="0" width="41.2059" height="16" fill="#ffffff" />
<g>
<line x1="0" y1="8" x2="26.7059" y2="8" stroke="#000000" stroke-width="0.13" />
<line x1="0" y1="7" x2="26.7059" y2="7" stroke="#000000" stroke-width="0.13" />
<line x1="0" y1="6" x2="26.7059" y2="6" stroke="#000000" stroke-width="0.13" />
<line x1="0" y1="5" x2="26.7059" y2="5" stroke="#000000" stroke-width="0.13" />
<line x1="0" y1="4" x2="26.7059" y2="4" stroke="#000000" stroke-width="0.13" />
</g>
<text x="0.5" y="7" font-family="Bravura" font-size="4" fill="#000000"></text>
<text x="3.5" y="5" font-family="Bravura" font-size="4" fill="#000000"></text>
<text x="3.5" y="7" font-family="Bravura" font-size="4" fill="#000000"></text>
<g data-id="P1#m1#v1#e0">
<text x="6" y="8" font-family="Bravura" font-size="4" fill="#000000"></text>
<line x1="7.18" y1="7.832" x2="7.18" y2="4.332" stroke="#000000" stroke-width="0.12" />
</g>
<g data-id="P1#m1#v1#e1">
<text x="10.4303" y="7.5" font-family="Bravura" font-size="4" fill="#000000"></text>
<line x1="11.6103" y1="7.332" x2="11.6103" y2="3.832" stroke="#000000" stroke-width="0.12" />
</g>
<g data-id="P1#m1#v1#e2">
<text x="14.8607" y="7" font-family="Bravura" font-size="4" fill="#000000"></text>
<line x1="16.0407" y1="6.832" x2="16.0407" y2="3.332" stroke="#000000" stroke-width="0.12" />
</g>
<g data-id="P1#m1#v1#e3">
<text x="19.291" y="5.5" font-family="Bravura" font-size="4" fill="#000000"></text>
<line x1="19.291" y1="5.668" x2="19.291" y2="9" stroke="#000000" stroke-width="0.12" />
</g>
<g data-id="P1#m1#v1#e4">
<text x="21.7626" y="5" font-family="Bravura" font-size="4" fill="#000000"></text>
<line x1="21.7626" y1="5.168" x2="21.7626" y2="8.5" stroke="#000000" stroke-width="0.12" />
</g>
<g data-id="P1#m1#v1#e5">
<text x="24.2342" y="4.5" font-family="Bravura" font-size="4" fill="#000000"></text>
<line x1="24.2342" y1="4.668" x2="24.2342" y2="8" stroke="#000000" stroke-width="0.12" />
</g>
<g>
<line x1="19.291" y1="9" x2="24.2342" y2="8" stroke="#000000" stroke-width="0.5" />
</g>
<path d="M 7.18 9.2 Q 11.0204 9.59 14.8607 9.2 Q 11.0204 9.81 7.18 9.2 Z" fill="#000000" stroke="none" />
<text x="21.7626" y="7.3" font-family="Bravura" font-size="4" fill="#000000"></text>
<g>
<line x1="26.7059" y1="8" x2="26.7059" y2="4" stroke="#000000" stroke-width="0.16" />
</g>
<text x="0" y="3" fill="#000000" font-family="Manrope, sans-serif" font-size="1.6">1</text>
<g>
<line x1="26.7059" y1="8" x2="39.2059" y2="8" stroke="#000000" stroke-width="0.13" />
<line x1="26.7059" y1="7" x2="39.2059" y2="7" stroke="#000000" stroke-width="0.13" />
<line x1="26.7059" y1="6" x2="39.2059" y2="6" stroke="#000000" stroke-width="0.13" />
<line x1="26.7059" y1="5" x2="39.2059" y2="5" stroke="#000000" stroke-width="0.13" />
<line x1="26.7059" y1="4" x2="39.2059" y2="4" stroke="#000000" stroke-width="0.13" />
</g>
<g data-id="P1#m2#v1#e0">
<text x="27.2059" y="5.5" font-family="Bravura" font-size="4" fill="#000000"></text>
<line x1="27.2059" y1="5.668" x2="27.2059" y2="9.168" stroke="#000000" stroke-width="0.12" />
<text x="27.2059" y="9.168" font-family="Bravura" font-size="4" fill="#000000"></text>
</g>
<g data-id="P1#m2#v1#e1">
<text x="29.6059" y="6" font-family="Bravura" font-size="4" fill="#000000"></text>
</g>
<g data-id="P1#m2#v1#e2">
<text x="32.0059" y="4.5" font-family="Bravura" font-size="4" fill="#000000"></text>
<line x1="32.0059" y1="4.668" x2="32.0059" y2="8.168" stroke="#000000" stroke-width="0.12" />
<text x="32.0059" y="8.168" font-family="Bravura" font-size="4" fill="#000000"></text>
</g>
<g data-id="P1#m2#v1#e3">
<text x="34.4059" y="6" font-family="Bravura" font-size="4" fill="#000000"></text>
</g>
<line x1="27.2059" y1="7.3" x2="32.0059" y2="7.3" stroke="#000000" stroke-width="0.16" />
<line x1="27.2059" y1="7.3" x2="27.2059" y2="6.8" stroke="#000000" stroke-width="0.16" />
<line x1="32.0059" y1="7.3" x2="32.0059" y2="6.8" stroke="#000000" stroke-width="0.16" />
<text x="29.6059" y="7.3" font-family="Bravura" font-size="4" fill="#000000"></text>
<g>
<line x1="39.2059" y1="8" x2="39.2059" y2="4" stroke="#000000" stroke-width="0.16" />
</g>
</svg>