<svg xmlns="http://www.w3.org/2000/svg" width="520" height="560" viewBox="0 0 26 28">
<rect x="0" y="0" width="26" height="28" fill="#ffffff" />
<g>
<line x1="0" y1="8" x2="11.8" y2="8" stroke="#000000" stroke-width="0.13" />
<line x1="0" y1="7" x2="11.8" y2="7" stroke="#000000" stroke-width="0.13" />
<line x1="0" y1="6" x2="11.8" y2="6" stroke="#000000" stroke-width="0.13" />
<line x1="0" y1="5" x2="11.8" y2="5" stroke="#000000" stroke-width="0.13" />
<line x1="0" y1="4" x2="11.8" y2="4" stroke="#000000" stroke-width="0.13" />
</g>
<text x="0.5" y="7" font-family="Bravura" font-size="4" fill="#000000"></text>
<text x="3.5" y="5" font-family="Bravura" font-size="4" fill="#000000"></text>
<text x="3.5" y="7" font-family="Bravura" font-size="4" fill="#000000"></text>
<text x="6" y="8" font-family="Bravura" font-size="4" fill="#000000"></text>
<line x1="7.18" y1="7.832" x2="7.18" y2="4.332" stroke="#000000" stroke-width="0.12" />
<text x="8.4" y="7" font-family="Bravura" font-size="4" fill="#000000"></text>
<line x1="9.58" y1="6.832" x2="9.58" y2="3.332" stroke="#000000" stroke-width="0.12" />
<text x="10.8" y="6" font-family="Bravura" font-size="4" fill="#000000"></text>
<line x1="11.98" y1="5.832" x2="11.98" y2="2.332" stroke="#000000" stroke-width="0.12" />
<g>
<line x1="11.8" y1="8" x2="11.8" y2="4" stroke="#000000" stroke-width="0.16" />
</g>
<g>
<line x1="0" y1="20" x2="11.8" y2="20" stroke="#000000" stroke-width="0.13" />
<line x1="0" y1="19" x2="11.8" y2="19" stroke="#000000" stroke-width="0.13" />
<line x1="0" y1="18" x2="11.8" y2="18" stroke="#000000" stroke-width="0.13" />
<line x1="0" y1="17" x2="11.8" y2="17" stroke="#000000" stroke-width="0.13" />
<line x1="0" y1="16" x2="11.8" y2="16" stroke="#000000" stroke-width="0.13" />
<line x1="0" y1="15" x2="11.8" y2="15" stroke="#000000" stroke-width="0.13" />
</g>
<text x="0.5" y="17.5" font-family="Bravura" font-size="4" fill="#000000"></text>
<text x="3.5" y="17" font-family="Bravura" font-size="4" fill="#000000"></text>
<text x="3.5" y="19" font-family="Bravura" font-size="4" fill="#000000"></text>
<g>
<line x1="11.8" y1="20" x2="11.8" y2="15" stroke="#000000" stroke-width="0.16" />
</g>
</svg>